[templatemanja.com/tashan/demo/index.html]
[backblue.gif]
[fade.gif]
[index.html]
[templatemanja.com/tashan/demo/assets/images/favicon.png]
[templatemanja.com/tashan/demo/assets/images/logo_light.png]
[templatemanja.com/tashan/demo/assets/images/logo_dark.png]
[templatemanja.com/tashan/demo/index-2.html]
[templatemanja.com/tashan/demo/index-3.html]
[templatemanja.com/tashan/demo/about.html]
[templatemanja.com/tashan/demo/about-2.html]
[templatemanja.com/tashan/demo/gallery.html]
[templatemanja.com/tashan/demo/gallery-masonry.html]
[templatemanja.com/tashan/demo/book-table.html]
[templatemanja.com/tashan/demo/login.html]
[templatemanja.com/tashan/demo/coming-soon.html]
[templatemanja.com/tashan/demo/menu.html]
[templatemanja.com/tashan/demo/menu-2.html]
[templatemanja.com/tashan/demo/chef.html]
[templatemanja.com/tashan/demo/chef-detail.html]
[templatemanja.com/tashan/demo/blog.html]
[templatemanja.com/tashan/demo/blog-detail.html]
[templatemanja.com/tashan/demo/shop-product-detail.html]
[templatemanja.com/tashan/demo/shop-cart.html]
[templatemanja.com/tashan/demo/checkout.html]
[templatemanja.com/tashan/demo/assets/images/cart_thamb1.jpg]
[templatemanja.com/tashan/demo/assets/images/cart_thamb2.jpg]
[templatemanja.com/tashan/demo/assets/images/cart_thamb3.jpg]
[templatemanja.com/tashan/demo/assets/images/cart_thamb4.jpg]
[templatemanja.com/tashan/demo/assets/images/banner1.jpg]
[templatemanja.com/tashan/demo/assets/images/banner2.jpg]
[templatemanja.com/tashan/demo/assets/images/banner3.jpg]
[templatemanja.com/tashan/demo/assets/images/about_img1.jpg]
[templatemanja.com/tashan/demo/assets/images/mobile_app.png]
[templatemanja.com/tashan/demo/assets/images/book_table_bg.jpg]
[templatemanja.com/tashan/demo/assets/images/team_img1.jpg]
[templatemanja.com/tashan/demo/assets/images/team_img2.jpg]
[templatemanja.com/tashan/demo/assets/images/team_img3.jpg]
[templatemanja.com/tashan/demo/assets/images/team_img4.jpg]
[templatemanja.com/tashan/demo/assets/images/testimonial_bg.jpg]
[templatemanja.com/tashan/demo/assets/images/user1.jpg]
[templatemanja.com/tashan/demo/assets/images/user2.jpg]
[templatemanja.com/tashan/demo/assets/images/user3.jpg]
[templatemanja.com/tashan/demo/assets/images/user4.jpg]
[templatemanja.com/tashan/demo/assets/images/blog_small_img1.jpg]
[templatemanja.com/tashan/demo/assets/images/blog_small_img2.jpg]
[templatemanja.com/tashan/demo/assets/images/blog_small_img3.jpg]
[templatemanja.com/tashan/demo/assets/images/insta_img1.jpg]
[templatemanja.com/tashan/demo/assets/images/insta_img2.jpg]
[templatemanja.com/tashan/demo/assets/images/insta_img3.jpg]
[templatemanja.com/tashan/demo/assets/images/insta_img4.jpg]
[templatemanja.com/tashan/demo/assets/images/insta_img5.jpg]
[templatemanja.com/tashan/demo/assets/images/insta_img6.jpg]
[templatemanja.com/tashan/demo/assets/js/jquery-1.12.4.min.js]
[templatemanja.com/tashan/demo/assets/bootstrap/js/bootstrap.min.js]
[templatemanja.com/tashan/demo/assets/owlcarousel/js/owl.carousel.min.js]
[templatemanja.com/tashan/demo/assets/js/magnific-popup.min.js]
[templatemanja.com/tashan/demo/assets/js/waypoints.min.js]
[templatemanja.com/tashan/demo/assets/js/parallax.js]
[templatemanja.com/tashan/demo/assets/js/jquery.countdown.min.js]
[templatemanja.com/tashan/demo/assets/js/jquery.countTo.js]
[templatemanja.com/tashan/demo/assets/js/imagesloaded.pkgd.min.js]
[templatemanja.com/tashan/demo/assets/js/isotope.min.js]
[templatemanja.com/tashan/demo/assets/js/jquery.appear.js]
[templatemanja.com/tashan/demo/assets/js/jquery.dd.min.js]
[templatemanja.com/tashan/demo/assets/js/slick.min.js]
[templatemanja.com/tashan/demo/assets/js/datepicker.min.js]
[templatemanja.com/tashan/demo/assets/js/mdtimepicker.min.js]
[templatemanja.com/tashan/demo/assets/js/scripts.js]
[templatemanja.com/tashan/demo/index.html]
[templatemanja.com/tashan/demo/assets/css/animate.css]
[templatemanja.com/tashan/demo/assets/bootstrap/css/bootstrap.min.css]
[templatemanja.com/tashan/demo/assets/fonts/fa-brands-400.eot]
[templatemanja.com/tashan/demo/assets/fonts/fa-brands-400d41d.eot]
[templatemanja.com/tashan/demo/assets/fonts/fa-brands-400.woff2]
[templatemanja.com/tashan/demo/assets/fonts/fa-brands-400.woff]
[templatemanja.com/tashan/demo/assets/fonts/fa-brands-400.ttf]
[templatemanja.com/tashan/demo/assets/fonts/fa-regular-400.eot]
[templatemanja.com/tashan/demo/assets/fonts/fa-regular-400d41d.eot]
[templatemanja.com/tashan/demo/assets/fonts/fa-regular-400.woff2]
[templatemanja.com/tashan/demo/assets/fonts/fa-regular-400.woff]
[templatemanja.com/tashan/demo/assets/fonts/fa-regular-400.ttf]
[templatemanja.com/tashan/demo/assets/fonts/fa-solid-900.eot]
[templatemanja.com/tashan/demo/assets/fonts/fa-solid-900d41d.eot]
[templatemanja.com/tashan/demo/assets/fonts/fa-solid-900.woff2]
[templatemanja.com/tashan/demo/assets/fonts/fa-solid-900.woff]
[templatemanja.com/tashan/demo/assets/fonts/fa-solid-900.ttf]
[templatemanja.com/tashan/demo/assets/css/all.min.css]
[templatemanja.com/tashan/demo/assets/fonts/ionicons28b5.eot]
[templatemanja.com/tashan/demo/assets/fonts/ionicons28b5.ttf]
[templatemanja.com/tashan/demo/assets/fonts/ionicons28b5.woff]
[templatemanja.com/tashan/demo/assets/css/ionicons.min.css]
[templatemanja.com/tashan/demo/assets/fonts/themify9f24.eot]
[templatemanja.com/tashan/demo/assets/fonts/themifyd41d.eot]
[templatemanja.com/tashan/demo/assets/fonts/themify9f24.woff]
[templatemanja.com/tashan/demo/assets/fonts/themify9f24.ttf]
[templatemanja.com/tashan/demo/assets/css/themify-icons.css]
[templatemanja.com/tashan/demo/assets/fonts/Lineariconsb312.eot]
[templatemanja.com/tashan/demo/assets/fonts/Lineariconsb312.ttf]
[templatemanja.com/tashan/demo/assets/fonts/Lineariconsb312.woff]
[templatemanja.com/tashan/demo/assets/fonts/Linearicons.eot]
[templatemanja.com/tashan/demo/assets/fonts/Linearicons.woff]
[templatemanja.com/tashan/demo/assets/fonts/Linearicons.ttf]
[templatemanja.com/tashan/demo/assets/css/linearicons.css]
[templatemanja.com/tashan/demo/assets/fonts/Flaticon.eot]
[templatemanja.com/tashan/demo/assets/fonts/Flaticond41d.eot]
[templatemanja.com/tashan/demo/assets/fonts/Flaticon.woff2]
[templatemanja.com/tashan/demo/assets/fonts/Flaticon.woff]
[templatemanja.com/tashan/demo/assets/fonts/Flaticon.ttf]
[templatemanja.com/tashan/demo/assets/css/flaticon.css]
[templatemanja.com/tashan/demo/assets/owlcarousel/css/owl.carousel.min.css]
[templatemanja.com/tashan/demo/assets/owlcarousel/css/owl.theme.css]
[templatemanja.com/tashan/demo/assets/owlcarousel/css/owl.theme.default.min.css]
[templatemanja.com/tashan/demo/assets/css/slick.css]
[templatemanja.com/tashan/demo/assets/css/slick-theme.css]
[templatemanja.com/tashan/demo/assets/css/magnific-popup.css]
[templatemanja.com/tashan/demo/assets/css/datepicker.min.css]
[templatemanja.com/tashan/demo/assets/css/mdtimepicker.min.css]
[templatemanja.com/tashan/demo/assets/images/close.png]
[templatemanja.com/tashan/demo/assets/images/pattern.png]
[templatemanja.com/tashan/demo/assets/images/pattern2.png]
[templatemanja.com/tashan/demo/assets/css/style.css]
[templatemanja.com/tashan/demo/assets/css/responsive.css]
[templatemanja.com/tashan/demo/assets/color/theme-red.css]
[templatemanja.com/tashan/demo/assets/images/banner4.jpg]
[templatemanja.com/tashan/demo/assets/images/about_img2.jpg]
[templatemanja.com/tashan/demo/assets/images/about_img3.jpg]
[templatemanja.com/tashan/demo/assets/images/about_img4.jpg]
[templatemanja.com/tashan/demo/assets/images/menu_item1.jpg]
[templatemanja.com/tashan/demo/assets/images/menu_item2.jpg]
[templatemanja.com/tashan/demo/assets/images/menu_item3.jpg]
[templatemanja.com/tashan/demo/assets/images/menu_item4.jpg]
[templatemanja.com/tashan/demo/assets/images/menu_item5.jpg]
[templatemanja.com/tashan/demo/assets/images/menu_item6.jpg]
[templatemanja.com/tashan/demo/assets/images/menu_item7.jpg]
[templatemanja.com/tashan/demo/assets/images/menu_item8.jpg]
[templatemanja.com/tashan/demo/assets/images/cta_bg.jpg]
[templatemanja.com/tashan/demo/assets/images/chef.png]
[templatemanja.com/tashan/demo/assets/images/user5.jpg]
[templatemanja.com/tashan/demo/assets/images/user6.jpg]
[templatemanja.com/tashan/demo/assets/images/footer_bg.jpg]
[templatemanja.com/tashan/demo/index-2.html]
[templatemanja.com/tashan/demo/assets/images/banner5.jpg]
[templatemanja.com/tashan/demo/assets/images/banner6.jpg]
[templatemanja.com/tashan/demo/assets/images/about_img5.jpg]
[templatemanja.com/tashan/demo/assets/images/counter_bg.jpg]
[templatemanja.com/tashan/demo/assets/images/gallery_item1.jpg]
[templatemanja.com/tashan/demo/assets/images/gallery_item_small1.jpg]
[templatemanja.com/tashan/demo/assets/images/gallery_item2.jpg]
[templatemanja.com/tashan/demo/assets/images/gallery_item_small2.jpg]
[templatemanja.com/tashan/demo/assets/images/gallery_item3.jpg]
[templatemanja.com/tashan/demo/assets/images/gallery_item_small3.jpg]
[templatemanja.com/tashan/demo/assets/images/gallery_item4.jpg]
[templatemanja.com/tashan/demo/assets/images/gallery_item_small4.jpg]
[templatemanja.com/tashan/demo/assets/images/gallery_item5.jpg]
[templatemanja.com/tashan/demo/assets/images/gallery_item_small5.jpg]
[templatemanja.com/tashan/demo/assets/images/gallery_item6.jpg]
[templatemanja.com/tashan/demo/assets/images/gallery_item_small6.jpg]
[templatemanja.com/tashan/demo/assets/images/gallery_item7.jpg]
[templatemanja.com/tashan/demo/assets/images/gallery_item_small7.jpg]
[templatemanja.com/tashan/demo/assets/images/gallery_item8.jpg]
[templatemanja.com/tashan/demo/assets/images/gallery_item_small8.jpg]
[templatemanja.com/tashan/demo/assets/images/gallery_item9.jpg]
[templatemanja.com/tashan/demo/assets/images/gallery_item_small9.jpg]
[templatemanja.com/tashan/demo/index-3.html]
[templatemanja.com/tashan/demo/assets/images/about_bg.jpg]
[templatemanja.com/tashan/demo/about.html]
[templatemanja.com/tashan/demo/assets/images/about_bg2.jpg]
[templatemanja.com/tashan/demo/about-2.html]
[templatemanja.com/tashan/demo/assets/images/gallery_bg.jpg]
[templatemanja.com/tashan/demo/gallery.html]
[templatemanja.com/tashan/demo/assets/images/gallery_bg2.jpg]
[templatemanja.com/tashan/demo/assets/images/gallery_item10.jpg]
[templatemanja.com/tashan/demo/assets/images/gallery_item_small10.jpg]
[templatemanja.com/tashan/demo/assets/images/gallery_item11.jpg]
[templatemanja.com/tashan/demo/assets/images/gallery_item_small11.jpg]
[templatemanja.com/tashan/demo/assets/images/gallery_item12.jpg]
[templatemanja.com/tashan/demo/assets/images/gallery_item_small12.jpg]
[templatemanja.com/tashan/demo/gallery-masonry.html]
[templatemanja.com/tashan/demo/book-table.html]
[templatemanja.com/tashan/demo/assets/images/login_bg.jpg]
[templatemanja.com/tashan/demo/login.html]
[templatemanja.com/tashan/demo/assets/images/coming_soon_bg.jpg]
[templatemanja.com/tashan/demo/coming-soon.html]
[templatemanja.com/tashan/demo/menu.html]
[templatemanja.com/tashan/demo/404.html]
[templatemanja.com/tashan/demo/assets/images/menu_bg2.jpg]
[templatemanja.com/tashan/demo/menu-2.html]
[templatemanja.com/tashan/demo/assets/images/chef_bg.jpg]
[templatemanja.com/tashan/demo/assets/images/team_img5.jpg]
[templatemanja.com/tashan/demo/assets/images/team_img6.jpg]
[templatemanja.com/tashan/demo/assets/images/team_img7.jpg]
[templatemanja.com/tashan/demo/assets/images/team_img8.jpg]
[templatemanja.com/tashan/demo/chef.html]
[templatemanja.com/tashan/demo/assets/images/chef_detail_bg.jpg]
[templatemanja.com/tashan/demo/assets/images/team_img_big.jpg]
[templatemanja.com/tashan/demo/chef-detail.html]
[templatemanja.com/tashan/demo/assets/images/blog_bg.jpg]
[templatemanja.com/tashan/demo/assets/images/blog_small_img4.jpg]
[templatemanja.com/tashan/demo/assets/images/blog_small_img5.jpg]
[templatemanja.com/tashan/demo/assets/images/blog_small_img6.jpg]
[templatemanja.com/tashan/demo/blog.html]
[templatemanja.com/tashan/demo/assets/images/blog_detail_bg.jpg]
[templatemanja.com/tashan/demo/assets/images/blog_img1.jpg]
[templatemanja.com/tashan/demo/assets/images/blog_single_img1.jpg]
[templatemanja.com/tashan/demo/assets/images/letest_post1.jpg]
[templatemanja.com/tashan/demo/assets/images/letest_post2.jpg]
[templatemanja.com/tashan/demo/assets/images/letest_post3.jpg]
[templatemanja.com/tashan/demo/blog-detail.html]
[templatemanja.com/tashan/demo/assets/images/product_bg.jpg]
[templatemanja.com/tashan/demo/assets/images/product_big_img1.jpg]
[templatemanja.com/tashan/demo/shop-product-detail.html]
[templatemanja.com/tashan/demo/assets/images/cart_bg.jpg]
[templatemanja.com/tashan/demo/shop-cart.html]
[templatemanja.com/tashan/demo/assets/images/checkout_bg.jpg]
[templatemanja.com/tashan/demo/checkout.html]
[templatemanja.com/tashan/demo/index-6.html]
[templatemanja.com/tashan/demo/assets/fonts/fa-brands-400.svg]
[templatemanja.com/tashan/demo/assets/fonts/fa-regular-400.svg]
[templatemanja.com/tashan/demo/assets/fonts/fa-solid-900.svg]
[templatemanja.com/tashan/demo/assets/fonts/ionicons28b5.svg]
[templatemanja.com/tashan/demo/assets/fonts/themify9f24.svg]
[templatemanja.com/tashan/demo/assets/fonts/Lineariconsb312.svg]
[templatemanja.com/tashan/demo/assets/fonts/Flaticon.svg]
[templatemanja.com/tashan/demo/assets/owlcarousel/css/owl.video.play.html]
[templatemanja.com/tashan/demo/assets/owlcarousel/css/AjaxLoader.html]
[templatemanja.com/tashan/demo/assets/css/ajax-loader.html]
[templatemanja.com/tashan/demo/assets/css/fonts/slick.html]
[templatemanja.com/tashan/demo/assets/css/fonts/slickd41d.html]
[templatemanja.com/tashan/demo/assets/css/fonts/slick-2.html]
[templatemanja.com/tashan/demo/assets/css/fonts/slick-3.html]
[templatemanja.com/tashan/demo/assets/css/fonts/slick-4.html]
[templatemanja.com/tashan/demo/assets/images/shape12.html]
[templatemanja.com/tashan/demo/assets/images/footer_shape.html]
[templatemanja.com/tashan/demo/assets/images/pattern_bg2.html]
[templatemanja.com/tashan/demo/assets/images/loading.html]
[templatemanja.com/tashan/demo/assets/images/404_bg.jpg]
[templatemanja.com/tashan/demo/404.html]
[templatemanja.com/tashan/demo/contact.html]
[templatemanja.com/tashan/demo/contact-2.html]
[templatemanja.com/tashan/demo/register.html]
[templatemanja.com/tashan/demo/assets/images/menu_bg.jpg]
